// Jest Snapshot v1, https://goo.gl/fbAQLP

exports[`renders correctly 1`] = `
<Fragment>
  <header>
    <nav
      className="header navbar navbar-expand-lg navbar-light bg-faded border-bottom"
    >
      <h1
        className="navbar-brand mb-0"
      >
        React Chat
      </h1>
      <button
        className="navbar-toggler"
        data-target="#navbarSupportedContent"
        data-toggle="collapse"
        type="button"
      >
        <span
          className="navbar-toggler-icon"
        />
      </button>
    </nav>
  </header>
  <main
    className="main container-fluid"
  >
    <mockComponent />
  </main>
  <Component />
</Fragment>
`;
